binance 1 s closes: 87000
windows scanned 96 (no market 0, no line 0)
windows with a TRADED pair cost < 1 (both legs bought by takers within 3s): 36 of 96; of those with lines < $5 apart: 11
payoff of the dominance pair on gamma, all windows: {1: 71, 2: 25}  (0 would break the structure)
  09-26 02:45 gap    +5.98  cost 0.3374 at sec 254 (15m 0.260 + 5m 0.060)  trades 15m/5m 856/682  pay 1
  09-26 13:00 gap   +17.43  cost 0.5111 at sec 113 (15m 0.060 + 5m 0.430)  trades 15m/5m 486/1340  pay 1
  09-26 06:45 gap    +2.07  cost 0.5170 at sec 213 (15m 0.363 + 5m 0.130)  trades 15m/5m 1293/999  pay 1
  09-26 06:00 gap    -2.21  cost 0.6554 at sec 240 (15m 0.500 + 5m 0.130)  trades 15m/5m 563/756  pay 1
  09-26 09:30 gap    +0.05  cost 0.6770 at sec 240 (15m 0.047 + 5m 0.610)  trades 15m/5m 83/838  pay 1
  09-26 00:00 gap    +4.16  cost 0.7214 at sec 245 (15m 0.316 + 5m 0.374)  trades 15m/5m 237/772  pay 1
  09-26 06:15 gap   +18.06  cost 0.7263 at sec 240 (15m 0.690 + 5m 0.020)  trades 15m/5m 291/722  pay 1
  09-26 09:45 gap    -3.60  cost 0.7768 at sec 251 (15m 0.720 + 5m 0.040)  trades 15m/5m 556/730  pay 1
  09-26 03:00 gap    -6.09  cost 0.7794 at sec   8 (15m 0.530 + 5m 0.220)  trades 15m/5m 555/475  pay 1
  09-26 05:15 gap   +24.03  cost 0.7825 at sec 129 (15m 0.330 + 5m 0.420)  trades 15m/5m 82/377  pay 1
  09-26 15:00 gap    +0.24  cost 0.7906 at sec 234 (15m 0.510 + 5m 0.250)  trades 15m/5m 605/965  pay 1
  09-26 12:45 gap    +2.37  cost 0.7932 at sec 213 (15m 0.715 + 5m 0.060)  trades 15m/5m 1189/925  pay 1
  09-26 08:15 gap   -15.24  cost 0.7993 at sec  87 (15m 0.220 + 5m 0.550)  trades 15m/5m 390/381  pay 1
  09-26 14:00 gap    -5.06  cost 0.8158 at sec 194 (15m 0.310 + 5m 0.473)  trades 15m/5m 972/1605  pay 1
  09-26 19:45 gap    -0.16  cost 0.8184 at sec 207 (15m 0.070 + 5m 0.730)  trades 15m/5m 79/802  pay 1
  09-26 22:15 gap   -21.46  cost 0.8465 at sec 183 (15m 0.640 + 5m 0.180)  trades 15m/5m 472/646  pay 1
  09-26 10:45 gap   +10.25  cost 0.8471 at sec  48 (15m 0.190 + 5m 0.630)  trades 15m/5m 293/429  pay 1
  09-26 09:15 gap    +7.52  cost 0.8668 at sec   2 (15m 0.393 + 5m 0.440)  trades 15m/5m 210/1047  pay 1
  09-26 03:30 gap    +0.34  cost 0.8809 at sec  17 (15m 0.120 + 5m 0.740)  trades 15m/5m 223/355  pay 1
  09-26 03:45 gap    -9.26  cost 0.8835 at sec 272 (15m 0.699 + 5m 0.160)  trades 15m/5m 771/1608  pay 1
  09-26 02:30 gap   -16.81  cost 0.9006 at sec 158 (15m 0.600 + 5m 0.270)  trades 15m/5m 80/563  pay 2
  09-26 11:15 gap    -2.46  cost 0.9100 at sec 131 (15m 0.620 + 5m 0.260)  trades 15m/5m 126/276  pay 1
  09-26 10:30 gap    -8.89  cost 0.9125 at sec   2 (15m 0.516 + 5m 0.363)  trades 15m/5m 180/751  pay 1
  09-26 16:00 gap    -5.73  cost 0.9237 at sec  63 (15m 0.730 + 5m 0.170)  trades 15m/5m 235/341  pay 1
  09-26 11:00 gap    -7.26  cost 0.9237 at sec 206 (15m 0.730 + 5m 0.170)  trades 15m/5m 179/508  pay 1
  09-26 01:00 gap   +40.60  cost 0.9279 at sec 141 (15m 0.670 + 5m 0.230)  trades 15m/5m 103/764  pay 2
  09-26 17:15 gap   -24.97  cost 0.9341 at sec 230 (15m 0.730 + 5m 0.180)  trades 15m/5m 184/418  pay 1
  09-26 06:30 gap   -14.79  cost 0.9453 at sec 123 (15m 0.720 + 5m 0.200)  trades 15m/5m 516/555  pay 1
  09-26 17:30 gap   +14.00  cost 0.9453 at sec  26 (15m 0.720 + 5m 0.200)  trades 15m/5m 228/418  pay 1
  09-26 20:00 gap   -14.27  cost 0.9623 at sec  72 (15m 0.330 + 5m 0.600)  trades 15m/5m 220/783  pay 2
